<?xml version="1.0" encoding="ISO-8859-1" ?>
<link_info>
   <banner>TI ARM Clang Linker PC v3.2.1.LTS</banner>
   <copyright>Copyright (c) 1996-2018 Texas Instruments Incorporated</copyright>
   <link_time>0x66272d94</link_time>
   <link_errors>0x0</link_errors>
   <output_file>C:\Users\adria\Downloads\MSPM0_ValvanoWare\MSPM0_ValvanoWare\ECE319K_Lab9\Debug\ECE319K_Lab9.out</output_file>
   <entry_point>
      <name>_c_int00_noargs</name>
      <address>0x1b5ad</address>
   </entry_point>
   <input_file_list>
      <input_file id="fl-1">
         <path>C:\Users\adria\Downloads\MSPM0_ValvanoWare\MSPM0_ValvanoWare\ECE319K_Lab9\Debug\.\</path>
         <kind>object</kind>
         <file>ADC1.o</file>
         <name>ADC1.o</name>
      </input_file>
      <input_file id="fl-2">
         <path>C:\Users\adria\Downloads\MSPM0_ValvanoWare\MSPM0_ValvanoWare\ECE319K_Lab9\Debug\.\</path>
         <kind>object</kind>
         <file>Arrays.o</file>
         <name>Arrays.o</name>
      </input_file>
      <input_file id="fl-3">
         <path>C:\Users\adria\Downloads\MSPM0_ValvanoWare\MSPM0_ValvanoWare\ECE319K_Lab9\Debug\.\</path>
         <kind>object</kind>
         <file>Clock.o</file>
         <name>Clock.o</name>
      </input_file>
      <input_file id="fl-4">
         <path>C:\Users\adria\Downloads\MSPM0_ValvanoWare\MSPM0_ValvanoWare\ECE319K_Lab9\Debug\.\</path>
         <kind>object</kind>
         <file>DAC5.o</file>
         <name>DAC5.o</name>
      </input_file>
      <input_file id="fl-5">
         <path>C:\Users\adria\Downloads\MSPM0_ValvanoWare\MSPM0_ValvanoWare\ECE319K_Lab9\Debug\.\</path>
         <kind>object</kind>
         <file>Functions.o</file>
         <name>Functions.o</name>
      </input_file>
      <input_file id="fl-6">
         <path>C:\Users\adria\Downloads\MSPM0_ValvanoWare\MSPM0_ValvanoWare\ECE319K_Lab9\Debug\.\</path>
         <kind>object</kind>
         <file>LED.o</file>
         <name>LED.o</name>
      </input_file>
      <input_file id="fl-7">
         <path>C:\Users\adria\Downloads\MSPM0_ValvanoWare\MSPM0_ValvanoWare\ECE319K_Lab9\Debug\.\</path>
         <kind>object</kind>
         <file>Lab9Main.o</file>
         <name>Lab9Main.o</name>
      </input_file>
      <input_file id="fl-8">
         <path>C:\Users\adria\Downloads\MSPM0_ValvanoWare\MSPM0_ValvanoWare\ECE319K_Lab9\Debug\.\</path>
         <kind>object</kind>
         <file>LaunchPad.o</file>
         <name>LaunchPad.o</name>
      </input_file>
      <input_file id="fl-9">
         <path>C:\Users\adria\Downloads\MSPM0_ValvanoWare\MSPM0_ValvanoWare\ECE319K_Lab9\Debug\.\</path>
         <kind>object</kind>
         <file>SPI.o</file>
         <name>SPI.o</name>
      </input_file>
      <input_file id="fl-a">
         <path>C:\Users\adria\Downloads\MSPM0_ValvanoWare\MSPM0_ValvanoWare\ECE319K_Lab9\Debug\.\</path>
         <kind>object</kind>
         <file>ST7735.o</file>
         <name>ST7735.o</name>
      </input_file>
      <input_file id="fl-b">
         <path>C:\Users\adria\Downloads\MSPM0_ValvanoWare\MSPM0_ValvanoWare\ECE319K_Lab9\Debug\.\</path>
         <kind>object</kind>
         <file>SmallFont.o</file>
         <name>SmallFont.o</name>
      </input_file>
      <input_file id="fl-c">
         <path>C:\Users\adria\Downloads\MSPM0_ValvanoWare\MSPM0_ValvanoWare\ECE319K_Lab9\Debug\.\</path>
         <kind>object</kind>
         <file>Sound.o</file>
         <name>Sound.o</name>
      </input_file>
      <input_file id="fl-d">
         <path>C:\Users\adria\Downloads\MSPM0_ValvanoWare\MSPM0_ValvanoWare\ECE319K_Lab9\Debug\.\</path>
         <kind>object</kind>
         <file>Switch.o</file>
         <name>Switch.o</name>
      </input_file>
      <input_file id="fl-e">
         <path>C:\Users\adria\Downloads\MSPM0_ValvanoWare\MSPM0_ValvanoWare\ECE319K_Lab9\Debug\.\</path>
         <kind>object</kind>
         <file>TExaS.o</file>
         <name>TExaS.o</name>
      </input_file>
      <input_file id="fl-f">
         <path>C:\Users\adria\Downloads\MSPM0_ValvanoWare\MSPM0_ValvanoWare\ECE319K_Lab9\Debug\.\</path>
         <kind>object</kind>
         <file>Timer.o</file>
         <name>Timer.o</name>
      </input_file>
      <input_file id="fl-10">
         <path>C:\Users\adria\Downloads\MSPM0_ValvanoWare\MSPM0_ValvanoWare\ECE319K_Lab9\Debug\.\images\pipedreams\</path>
         <kind>object</kind>
         <file>PipeSound.o</file>
         <name>PipeSound.o</name>
      </input_file>
      <input_file id="fl-11">
         <path>C:\Users\adria\Downloads\MSPM0_ValvanoWare\MSPM0_ValvanoWare\ECE319K_Lab9\Debug\.\ticlang\</path>
         <kind>object</kind>
         <file>startup_mspm0g3507_ticlang.o</file>
         <name>startup_mspm0g3507_ticlang.o</name>
      </input_file>
      <input_file id="fl-1d">
         <path>C:\Users\adria\Downloads\MSPM0_ValvanoWare\MSPM0_ValvanoWare\ECE319K_Lab9\Debug\</path>
         <kind>object</kind>
         <file>&lt;internal&gt;</file>
         <name>&lt;internal&gt;</name>
      </input_file>
      <input_file id="fl-2c">
         <path>C:\ti\ccs1260\ccs\tools\compiler\ti-cgt-armllvm_3.2.1.LTS\lib\armv6m-ti-none-eabi\c\</path>
         <kind>archive</kind>
         <file>libc.a</file>
         <name>fopen.c.obj</name>
      </input_file>
      <input_file id="fl-2d">
         <path>C:\ti\ccs1260\ccs\tools\compiler\ti-cgt-armllvm_3.2.1.LTS\lib\armv6m-ti-none-eabi\c\</path>
         <kind>archive</kind>
         <file>libc.a</file>
         <name>setvbuf.c.obj</name>
      </input_file>
      <input_file id="fl-2e">
         <path>C:\ti\ccs1260\ccs\tools\compiler\ti-cgt-armllvm_3.2.1.LTS\lib\armv6m-ti-none-eabi\c\</path>
         <kind>archive</kind>
         <file>libc.a</file>
         <name>aeabi_portable.c.obj</name>
      </input_file>
      <input_file id="fl-2f">
         <path>C:\ti\ccs1260\ccs\tools\compiler\ti-cgt-armllvm_3.2.1.LTS\lib\armv6m-ti-none-eabi\c\</path>
         <kind>archive</kind>
         <file>libc.a</file>
         <name>exit.c.obj</name>
      </input_file>
      <input_file id="fl-30">
         <path>C:\ti\ccs1260\ccs\tools\compiler\ti-cgt-armllvm_3.2.1.LTS\lib\armv6m-ti-none-eabi\c\</path>
         <kind>archive</kind>
         <file>libc.a</file>
         <name>_lock.c.obj</name>
      </input_file>
      <input_file id="fl-31">
         <path>C:\ti\ccs1260\ccs\tools\compiler\ti-cgt-armllvm_3.2.1.LTS\lib\armv6m-ti-none-eabi\c\</path>
         <kind>archive</kind>
         <file>libc.a</file>
         <name>assert.c.obj</name>
      </input_file>
      <input_file id="fl-32">
         <path>C:\ti\ccs1260\ccs\tools\compiler\ti-cgt-armllvm_3.2.1.LTS\lib\armv6m-ti-none-eabi\c\</path>
         <kind>archive</kind>
         <file>libc.a</file>
         <name>defs.c.obj</name>
      </input_file>
      <input_file id="fl-33">
         <path>C:\ti\ccs1260\ccs\tools\compiler\ti-cgt-armllvm_3.2.1.LTS\lib\armv6m-ti-none-eabi\c\</path>
         <kind>archive</kind>
         <file>libc.a</file>
         <name>memory.c.obj</name>
      </input_file>
      <input_file id="fl-34">
         <path>C:\ti\ccs1260\ccs\tools\compiler\ti-cgt-armllvm_3.2.1.LTS\lib\armv6m-ti-none-eabi\c\</path>
         <kind>archive</kind>
         <file>libc.a</file>
         <name>abs.c.obj</name>
      </input_file>
      <input_file id="fl-35">
         <path>C:\ti\ccs1260\ccs\tools\compiler\ti-cgt-armllvm_3.2.1.LTS\lib\armv6m-ti-none-eabi\c\</path>
         <kind>archive</kind>
         <file>libc.a</file>
         <name>copy_zero_init.c.obj</name>
      </input_file>
      <input_file id="fl-36">
         <path>C:\ti\ccs1260\ccs\tools\compiler\ti-cgt-armllvm_3.2.1.LTS\lib\armv6m-ti-none-eabi\c\</path>
         <kind>archive</kind>
         <file>libc.a</file>
         <name>copy_decompress_none.c.obj</name>
      </input_file>
      <input_file id="fl-37">
         <path>C:\ti\ccs1260\ccs\tools\compiler\ti-cgt-armllvm_3.2.1.LTS\lib\armv6m-ti-none-eabi\c\</path>
         <kind>archive</kind>
         <file>libc.a</file>
         <name>copy_decompress_lzss.c.obj</name>
      </input_file>
      <input_file id="fl-38">
         <path>C:\ti\ccs1260\ccs\tools\compiler\ti-cgt-armllvm_3.2.1.LTS\lib\armv6m-ti-none-eabi\c\</path>
         <kind>archive</kind>
         <file>libc.a</file>
         <name>boot_cortex_m.c.obj</name>
      </input_file>
      <input_file id="fl-39">
         <path>C:\ti\ccs1260\ccs\tools\compiler\ti-cgt-armllvm_3.2.1.LTS\lib\armv6m-ti-none-eabi\c\</path>
         <kind>archive</kind>
         <file>libc.a</file>
         <name>mathacl_init.c.obj</name>
      </input_file>
      <input_file id="fl-3a">
         <path>C:\ti\ccs1260\ccs\tools\compiler\ti-cgt-armllvm_3.2.1.LTS\lib\armv6m-ti-none-eabi\c\</path>
         <kind>archive</kind>
         <file>libc.a</file>
         <name>sprintf.c.obj</name>
      </input_file>
      <input_file id="fl-3b">
         <path>C:\ti\ccs1260\ccs\tools\compiler\ti-cgt-armllvm_3.2.1.LTS\lib\armv6m-ti-none-eabi\c\</path>
         <kind>archive</kind>
         <file>libc.a</file>
         <name>fclose.c.obj</name>
      </input_file>
      <input_file id="fl-3c">
         <path>C:\ti\ccs1260\ccs\tools\compiler\ti-cgt-armllvm_3.2.1.LTS\lib\armv6m-ti-none-eabi\c\</path>
         <kind>archive</kind>
         <file>libc.a</file>
         <name>fflush.c.obj</name>
      </input_file>
      <input_file id="fl-3d">
         <path>C:\ti\ccs1260\ccs\tools\compiler\ti-cgt-armllvm_3.2.1.LTS\lib\armv6m-ti-none-eabi\c\</path>
         <kind>archive</kind>
         <file>libc.a</file>
         <name>fputs.c.obj</name>
      </input_file>
      <input_file id="fl-3e">
         <path>C:\ti\ccs1260\ccs\tools\compiler\ti-cgt-armllvm_3.2.1.LTS\lib\armv6m-ti-none-eabi\c\</path>
         <kind>archive</kind>
         <file>libc.a</file>
         <name>_io_perm.c.obj</name>
      </input_file>
      <input_file id="fl-3f">
         <path>C:\ti\ccs1260\ccs\tools\compiler\ti-cgt-armllvm_3.2.1.LTS\lib\armv6m-ti-none-eabi\c\</path>
         <kind>archive</kind>
         <file>libc.a</file>
         <name>args_main.c.obj</name>
      </input_file>
      <input_file id="fl-40">
         <path>C:\ti\ccs1260\ccs\tools\compiler\ti-cgt-armllvm_3.2.1.LTS\lib\armv6m-ti-none-eabi\c\</path>
         <kind>archive</kind>
         <file>libc.a</file>
         <name>autoinit.c.obj</name>
      </input_file>
      <input_file id="fl-41">
         <path>C:\ti\ccs1260\ccs\tools\compiler\ti-cgt-armllvm_3.2.1.LTS\lib\armv6m-ti-none-eabi\c\</path>
         <kind>archive</kind>
         <file>libc.a</file>
         <name>pre_init.c.obj</name>
      </input_file>
      <input_file id="fl-42">
         <path>C:\ti\ccs1260\ccs\tools\compiler\ti-cgt-armllvm_3.2.1.LTS\lib\armv6m-ti-none-eabi\c\</path>
         <kind>archive</kind>
         <file>libc.a</file>
         <name>cpy_tbl.c.obj</name>
      </input_file>
      <input_file id="fl-43">
         <path>C:\ti\ccs1260\ccs\tools\compiler\ti-cgt-armllvm_3.2.1.LTS\lib\armv6m-ti-none-eabi\c\</path>
         <kind>archive</kind>
         <file>libc.a</file>
         <name>_printfi.c.obj</name>
      </input_file>
      <input_file id="fl-44">
         <path>C:\ti\ccs1260\ccs\tools\compiler\ti-cgt-armllvm_3.2.1.LTS\lib\armv6m-ti-none-eabi\c\</path>
         <kind>archive</kind>
         <file>libc.a</file>
         <name>fseek.c.obj</name>
      </input_file>
      <input_file id="fl-45">
         <path>C:\ti\ccs1260\ccs\tools\compiler\ti-cgt-armllvm_3.2.1.LTS\lib\armv6m-ti-none-eabi\c\</path>
         <kind>archive</kind>
         <file>libc.a</file>
         <name>s_frexp.c.obj</name>
      </input_file>
      <input_file id="fl-46">
         <path>C:\ti\ccs1260\ccs\tools\compiler\ti-cgt-armllvm_3.2.1.LTS\lib\armv6m-ti-none-eabi\c\</path>
         <kind>archive</kind>
         <file>libc.a</file>
         <name>s_scalbn.c.obj</name>
      </input_file>
      <input_file id="fl-47">
         <path>C:\ti\ccs1260\ccs\tools\compiler\ti-cgt-armllvm_3.2.1.LTS\lib\armv6m-ti-none-eabi\c\</path>
         <kind>archive</kind>
         <file>libc.a</file>
         <name>_ltoa.c.obj</name>
      </input_file>
      <input_file id="fl-48">
         <path>C:\ti\ccs1260\ccs\tools\compiler\ti-cgt-armllvm_3.2.1.LTS\lib\armv6m-ti-none-eabi\c\</path>
         <kind>archive</kind>
         <file>libc.a</file>
         <name>atoi.c.obj</name>
      </input_file>
      <input_file id="fl-49">
         <path>C:\ti\ccs1260\ccs\tools\compiler\ti-cgt-armllvm_3.2.1.LTS\lib\armv6m-ti-none-eabi\c\</path>
         <kind>archive</kind>
         <file>libc.a</file>
         <name>memccpy.c.obj</name>
      </input_file>
      <input_file id="fl-4a">
         <path>C:\ti\ccs1260\ccs\tools\compiler\ti-cgt-armllvm_3.2.1.LTS\lib\armv6m-ti-none-eabi\c\</path>
         <kind>archive</kind>
         <file>libc.a</file>
         <name>wcslen.c.obj</name>
      </input_file>
      <input_file id="fl-4b">
         <path>C:\ti\ccs1260\ccs\tools\compiler\ti-cgt-armllvm_3.2.1.LTS\lib\armv6m-ti-none-eabi\c\</path>
         <kind>archive</kind>
         <file>libc.a</file>
         <name>aeabi_ctype.S.obj</name>
      </input_file>
      <input_file id="fl-b1">
         <path>C:\ti\ccs1260\ccs\tools\compiler\ti-cgt-armllvm_3.2.1.LTS\lib\armv6m-ti-none-eabi\c\</path>
         <kind>archive</kind>
         <file>libsysbm.a</file>
         <name>write.c.obj</name>
      </input_file>
      <input_file id="fl-b2">
         <path>C:\ti\ccs1260\ccs\tools\compiler\ti-cgt-armllvm_3.2.1.LTS\lib\armv6m-ti-none-eabi\c\</path>
         <kind>archive</kind>
         <file>libsysbm.a</file>
         <name>host_device.c.obj</name>
      </input_file>
      <input_file id="fl-b3">
         <path>C:\ti\ccs1260\ccs\tools\compiler\ti-cgt-armllvm_3.2.1.LTS\lib\armv6m-ti-none-eabi\c\</path>
         <kind>archive</kind>
         <file>libsysbm.a</file>
         <name>remove.c.obj</name>
      </input_file>
      <input_file id="fl-b4">
         <path>C:\ti\ccs1260\ccs\tools\compiler\ti-cgt-armllvm_3.2.1.LTS\lib\armv6m-ti-none-eabi\c\</path>
         <kind>archive</kind>
         <file>libsysbm.a</file>
         <name>open.c.obj</name>
      </input_file>
      <input_file id="fl-b5">
         <path>C:\ti\ccs1260\ccs\tools\compiler\ti-cgt-armllvm_3.2.1.LTS\lib\armv6m-ti-none-eabi\c\</path>
         <kind>archive</kind>
         <file>libsysbm.a</file>
         <name>lseek.c.obj</name>
      </input_file>
      <input_file id="fl-b6">
         <path>C:\ti\ccs1260\ccs\tools\compiler\ti-cgt-armllvm_3.2.1.LTS\lib\armv6m-ti-none-eabi\c\</path>
         <kind>archive</kind>
         <file>libsysbm.a</file>
         <name>close.c.obj</name>
      </input_file>
      <input_file id="fl-b7">
         <path>C:\ti\ccs1260\ccs\tools\compiler\ti-cgt-armllvm_3.2.1.LTS\lib\armv6m-ti-none-eabi\c\</path>
         <kind>archive</kind>
         <file>libsysbm.a</file>
         <name>add_device.c.obj</name>
      </input_file>
      <input_file id="fl-b8">
         <path>C:\ti\ccs1260\ccs\tools\compiler\ti-cgt-armllvm_3.2.1.LTS\lib\armv6m-ti-none-eabi\c\</path>
         <kind>archive</kind>
         <file>libsysbm.a</file>
         <name>unlink.c.obj</name>
      </input_file>
      <input_file id="fl-b9">
         <path>C:\ti\ccs1260\ccs\tools\compiler\ti-cgt-armllvm_3.2.1.LTS\lib\armv6m-ti-none-eabi\c\</path>
         <kind>archive</kind>
         <file>libsysbm.a</file>
         <name>hostclose.c.obj</name>
      </input_file>
      <input_file id="fl-ba">
         <path>C:\ti\ccs1260\ccs\tools\compiler\ti-cgt-armllvm_3.2.1.LTS\lib\armv6m-ti-none-eabi\c\</path>
         <kind>archive</kind>
         <file>libsysbm.a</file>
         <name>hostlseek.c.obj</name>
      </input_file>
      <input_file id="fl-bb">
         <path>C:\ti\ccs1260\ccs\tools\compiler\ti-cgt-armllvm_3.2.1.LTS\lib\armv6m-ti-none-eabi\c\</path>
         <kind>archive</kind>
         <file>libsysbm.a</file>
         <name>hostopen.c.obj</name>
      </input_file>
      <input_file id="fl-bc">
         <path>C:\ti\ccs1260\ccs\tools\compiler\ti-cgt-armllvm_3.2.1.LTS\lib\armv6m-ti-none-eabi\c\</path>
         <kind>archive</kind>
         <file>libsysbm.a</file>
         <name>hostread.c.obj</name>
      </input_file>
      <input_file id="fl-bd">
         <path>C:\ti\ccs1260\ccs\tools\compiler\ti-cgt-armllvm_3.2.1.LTS\lib\armv6m-ti-none-eabi\c\</path>
         <kind>archive</kind>
         <file>libsysbm.a</file>
         <name>hostrename.c.obj</name>
      </input_file>
      <input_file id="fl-be">
         <path>C:\ti\ccs1260\ccs\tools\compiler\ti-cgt-armllvm_3.2.1.LTS\lib\armv6m-ti-none-eabi\c\</path>
         <kind>archive</kind>
         <file>libsysbm.a</file>
         <name>hostunlink.c.obj</name>
      </input_file>
      <input_file id="fl-bf">
         <path>C:\ti\ccs1260\ccs\tools\compiler\ti-cgt-armllvm_3.2.1.LTS\lib\armv6m-ti-none-eabi\c\</path>
         <kind>archive</kind>
         <file>libsysbm.a</file>
         <name>hostwrite.c.obj</name>
      </input_file>
      <input_file id="fl-c0">
         <path>C:\ti\ccs1260\ccs\tools\compiler\ti-cgt-armllvm_3.2.1.LTS\lib\armv6m-ti-none-eabi\c\</path>
         <kind>archive</kind>
         <file>libsysbm.a</file>
         <name>trgmsg.c.obj</name>
      </input_file>
      <input_file id="fl-c1">
         <path>C:\ti\ccs1260\ccs\tools\compiler\ti-cgt-armllvm_3.2.1.LTS\lib\clang\15.0.7\lib\armv6m-ti-none-eabi\</path>
         <kind>archive</kind>
         <file>libclang_rt.builtins.a</file>
         <name>adddf3.S.obj</name>
      </input_file>
      <input_file id="fl-c2">
         <path>C:\ti\ccs1260\ccs\tools\compiler\ti-cgt-armllvm_3.2.1.LTS\lib\clang\15.0.7\lib\armv6m-ti-none-eabi\</path>
         <kind>archive</kind>
         <file>libclang_rt.builtins.a</file>
         <name>muldf3.S.obj</name>
      </input_file>
      <input_file id="fl-c3">
         <path>C:\ti\ccs1260\ccs\tools\compiler\ti-cgt-armllvm_3.2.1.LTS\lib\clang\15.0.7\lib\armv6m-ti-none-eabi\</path>
         <kind>archive</kind>
         <file>libclang_rt.builtins.a</file>
         <name>muldsi3.S.obj</name>
      </input_file>
      <input_file id="fl-c4">
         <path>C:\ti\ccs1260\ccs\tools\compiler\ti-cgt-armllvm_3.2.1.LTS\lib\clang\15.0.7\lib\armv6m-ti-none-eabi\</path>
         <kind>archive</kind>
         <file>libclang_rt.builtins.a</file>
         <name>divdf3.S.obj</name>
      </input_file>
      <input_file id="fl-c5">
         <path>C:\ti\ccs1260\ccs\tools\compiler\ti-cgt-armllvm_3.2.1.LTS\lib\clang\15.0.7\lib\armv6m-ti-none-eabi\</path>
         <kind>archive</kind>
         <file>libclang_rt.builtins.a</file>
         <name>fixdfsi.S.obj</name>
      </input_file>
      <input_file id="fl-c6">
         <path>C:\ti\ccs1260\ccs\tools\compiler\ti-cgt-armllvm_3.2.1.LTS\lib\clang\15.0.7\lib\armv6m-ti-none-eabi\</path>
         <kind>archive</kind>
         <file>libclang_rt.builtins.a</file>
         <name>floatsidf.S.obj</name>
      </input_file>
      <input_file id="fl-c7">
         <path>C:\ti\ccs1260\ccs\tools\compiler\ti-cgt-armllvm_3.2.1.LTS\lib\clang\15.0.7\lib\armv6m-ti-none-eabi\</path>
         <kind>archive</kind>
         <file>libclang_rt.builtins.a</file>
         <name>floatunsidf.S.obj</name>
      </input_file>
      <input_file id="fl-c8">
         <path>C:\ti\ccs1260\ccs\tools\compiler\ti-cgt-armllvm_3.2.1.LTS\lib\clang\15.0.7\lib\armv6m-ti-none-eabi\</path>
         <kind>archive</kind>
         <file>libclang_rt.builtins.a</file>
         <name>muldi3.S.obj</name>
      </input_file>
      <input_file id="fl-c9">
         <path>C:\ti\ccs1260\ccs\tools\compiler\ti-cgt-armllvm_3.2.1.LTS\lib\clang\15.0.7\lib\armv6m-ti-none-eabi\</path>
         <kind>archive</kind>
         <file>libclang_rt.builtins.a</file>
         <name>truncdfsf2.S.obj</name>
      </input_file>
      <input_file id="fl-ca">
         <path>C:\ti\ccs1260\ccs\tools\compiler\ti-cgt-armllvm_3.2.1.LTS\lib\clang\15.0.7\lib\armv6m-ti-none-eabi\</path>
         <kind>archive</kind>
         <file>libclang_rt.builtins.a</file>
         <name>aeabi_dcmp.S.obj</name>
      </input_file>
      <input_file id="fl-cb">
         <path>C:\ti\ccs1260\ccs\tools\compiler\ti-cgt-armllvm_3.2.1.LTS\lib\clang\15.0.7\lib\armv6m-ti-none-eabi\</path>
         <kind>archive</kind>
         <file>libclang_rt.builtins.a</file>
         <name>aeabi_idivmod.S.obj</name>
      </input_file>
      <input_file id="fl-cc">
         <path>C:\ti\ccs1260\ccs\tools\compiler\ti-cgt-armllvm_3.2.1.LTS\lib\clang\15.0.7\lib\armv6m-ti-none-eabi\</path>
         <kind>archive</kind>
         <file>libclang_rt.builtins.a</file>
         <name>aeabi_memcpy.S.obj</name>
      </input_file>
      <input_file id="fl-cd">
         <path>C:\ti\ccs1260\ccs\tools\compiler\ti-cgt-armllvm_3.2.1.LTS\lib\clang\15.0.7\lib\armv6m-ti-none-eabi\</path>
         <kind>archive</kind>
         <file>libclang_rt.builtins.a</file>
         <name>aeabi_memset.S.obj</name>
      </input_file>
      <input_file id="fl-ce">
         <path>C:\ti\ccs1260\ccs\tools\compiler\ti-cgt-armllvm_3.2.1.LTS\lib\clang\15.0.7\lib\armv6m-ti-none-eabi\</path>
         <kind>archive</kind>
         <file>libclang_rt.builtins.a</file>
         <name>aeabi_uidivmod.S.obj</name>
      </input_file>
      <input_file id="fl-cf">
         <path>C:\ti\ccs1260\ccs\tools\compiler\ti-cgt-armllvm_3.2.1.LTS\lib\clang\15.0.7\lib\armv6m-ti-none-eabi\</path>
         <kind>archive</kind>
         <file>libclang_rt.builtins.a</file>
         <name>aeabi_uldivmod.S.obj</name>
      </input_file>
      <input_file id="fl-d0">
         <path>C:\ti\ccs1260\ccs\tools\compiler\ti-cgt-armllvm_3.2.1.LTS\lib\clang\15.0.7\lib\armv6m-ti-none-eabi\</path>
         <kind>archive</kind>
         <file>libclang_rt.builtins.a</file>
         <name>udivmoddi4.S.obj</name>
      </input_file>
      <input_file id="fl-d1">
         <path>C:\ti\ccs1260\ccs\tools\compiler\ti-cgt-armllvm_3.2.1.LTS\lib\clang\15.0.7\lib\armv6m-ti-none-eabi\</path>
         <kind>archive</kind>
         <file>libclang_rt.builtins.a</file>
         <name>ashldi3.S.obj</name>
      </input_file>
      <input_file id="fl-d2">
         <path>C:\ti\ccs1260\ccs\tools\compiler\ti-cgt-armllvm_3.2.1.LTS\lib\clang\15.0.7\lib\armv6m-ti-none-eabi\</path>
         <kind>archive</kind>
         <file>libclang_rt.builtins.a</file>
         <name>comparedf2.c.obj</name>
      </input_file>
      <input_file id="fl-d3">
         <path>C:\ti\ccs1260\ccs\tools\compiler\ti-cgt-armllvm_3.2.1.LTS\lib\clang\15.0.7\lib\armv6m-ti-none-eabi\</path>
         <kind>archive</kind>
         <file>libclang_rt.builtins.a</file>
         <name>aeabi_div0.c.obj</name>
      </input_file>
      <input_file id="fl-d4">
         <path>C:\ti\ccs1260\ccs\tools\compiler\ti-cgt-armllvm_3.2.1.LTS\lib\armv6m-ti-none-eabi\c\</path>
         <kind>archive</kind>
         <file>libc.a</file>
         <name>getdevice.c.obj</name>
      </input_file>
      <input_file id="fl-d5">
         <path>C:\ti\ccs1260\ccs\tools\compiler\ti-cgt-armllvm_3.2.1.LTS\lib\armv6m-ti-none-eabi\c\</path>
         <kind>archive</kind>
         <file>libc.a</file>
         <name>memcpy16.S.obj</name>
      </input_file>
      <input_file id="fl-d6">
         <path>C:\ti\ccs1260\ccs\tools\compiler\ti-cgt-armllvm_3.2.1.LTS\lib\armv6m-ti-none-eabi\c\</path>
         <kind>archive</kind>
         <file>libc.a</file>
         <name>memset16.S.obj</name>
      </input_file>
   </input_file_list>
   <object_component_list>
      <object_component id="oc-18">
         <name>.intvecs</name>
         <load_address>0x0</load_address>
         <readonly>true</readonly>
         <run_address>0x0</run_address>
         <size>0xc0</size>
         <alignment>0x4</alignment>
         <input_file_ref idref="fl-11"/>
      </object_component>
      <object_component id="oc-be">
         <name>.text.main</name>
         <load_address>0x175b0</load_address>
         <readonly>true</readonly>
         <executable>true</executable>
         <run_address>0x175b0</run_address>
         <size>0x458</size>
         <alignment>0x4</alignment>
         <input_file_ref idref="fl-7"/>
      </object_component>
      <object_component id="oc-95">
         <name>.text.ballvelocity</name>
         <load_address>0x17a08</load_address>
         <readonly>true</readonly>
         <executable>true</executable>
         <run_address>0x17a08</run_address>
         <size>0x328</size>
         <alignment>0x4</alignment>
         <input_file_ref idref="fl-5"/>
      </object_component>
      <object_component id="oc-105">
         <name>.text.ClickButtonSpn</name>
         <load_address>0x17d30</load_address>
         <readonly>true</readonly>
         <executable>true</executable>
         <run_address>0x17d30</run_address>
         <size>0x28c</size>
         <alignment>0x4</alignment>
         <input_file_ref idref="fl-5"/>
      </object_component>
      <object_component id="oc-10d">
         <name>.text.DrawSprite</name>
         <load_address>0x17fbc</load_address>
         <readonly>true</readonly>
         <executable>true</executable>
         <run_address>0x17fbc</run_address>
         <size>0x254</size>
         <alignment>0x4</alignment>
         <input_file_ref idref="fl-5"/>
      </object_component>
      <object_component id="oc-102">
         <name>.text.ST7735_DrawBitmap</name>
         <load_address>0x18210</load_address>
         <readonly>true</readonly>
         <executable>true</executable>
         <run_address>0x18210</run_address>
         <size>0x210</size>
         <alignment>0x4</alignment>
         <input_file_ref idref="fl-a"/>
      </object_component>
      <object_component id="oc-104">
         <name>.text.ClickButtonEng</name>
         <load_address>0x18420</load_address>
         <readonly>true</readonly>
         <executable>true</executable>
         <run_address>0x18420</run_address>
         <size>0x1e4</size>
         <alignment>0x4</alignment>
         <input_file_ref idref="fl-5"/>
      </object_component>
      <object_component id="oc-41">
         <name>.text.TIMG12_IRQHandler</name>
         <load_address>0x18604</load_address>
         <readonly>true</readonly>
         <executable>true</executable>
         <run_address>0x18604</run_address>
         <size>0x1d4</size>
         <alignment>0x4</alignment>
         <input_file_ref idref="fl-7"/>
      </object_component>
      <object_component id="oc-148">
         <name>.text.Clock_Init80MHz</name>
         <load_address>0x187d8</load_address>
         <readonly>true</readonly>
         <executable>true</executable>
         <run_address>0x187d8</run_address>
         <size>0x1b4</size>
         <alignment>0x4</alignment>
         <input_file_ref idref="fl-3"/>
      </object_component>
      <object_component id="oc-203">
         <name>.text.ST7735_DrawCharS</name>
         <load_address>0x1898c</load_address>
         <readonly>true</readonly>
         <executable>true</executable>
         <run_address>0x1898c</run_address>
         <size>0x1a0</size>
         <alignment>0x4</alignment>
         <input_file_ref idref="fl-a"/>
      </object_component>
      <object_component id="oc-108">
         <name>.text.SmallFont_OutHorizontal</name>
         <load_address>0x18b2c</load_address>
         <readonly>true</readonly>
         <executable>true</executable>
         <run_address>0x18b2c</run_address>
         <size>0x180</size>
         <alignment>0x4</alignment>
         <input_file_ref idref="fl-b"/>
      </object_component>
      <object_component id="oc-18b">
         <name>.text.BlacktoBackground</name>
         <load_address>0x18cac</load_address>
         <readonly>true</readonly>
         <executable>true</executable>
         <run_address>0x18cac</run_address>
         <size>0x16c</size>
         <alignment>0x4</alignment>
         <input_file_ref idref="fl-5"/>
      </object_component>
      <object_component id="oc-1e9">
         <name>.text._openfile</name>
         <load_address>0x18e18</load_address>
         <readonly>true</readonly>
         <executable>true</executable>
         <run_address>0x18e18</run_address>
         <size>0x160</size>
         <alignment>0x4</alignment>
         <input_file_ref idref="fl-2c"/>
      </object_component>
      <object_component id="oc-24d">
         <name>.text.aligned_alloc</name>
         <load_address>0x18f78</load_address>
         <readonly>true</readonly>
         <executable>true</executable>
         <run_address>0x18f78</run_address>
         <size>0x12c</size>
         <alignment>0x4</alignment>
         <input_file_ref idref="fl-33"/>
      </object_component>
      <object_component id="oc-174">
         <name>.text.ADC_Init</name>
         <load_address>0x190a4</load_address>
         <readonly>true</readonly>
         <executable>true</executable>
         <run_address>0x190a4</run_address>
         <size>0x128</size>
         <alignment>0x4</alignment>
         <input_file_ref idref="fl-e"/>
      </object_component>
      <object_component id="oc-8f">
         <name>.text.checkcollisionc</name>
         <load_address>0x191cc</load_address>
         <readonly>true</readonly>
         <executable>true</executable>
         <run_address>0x191cc</run_address>
         <size>0x124</size>
         <alignment>0x4</alignment>
         <input_file_ref idref="fl-5"/>
      </object_component>
      <object_component id="oc-17f">
         <name>.text.ST7735_FillRect</name>
         <load_address>0x192f0</load_address>
         <readonly>true</readonly>
         <executable>true</executable>
         <run_address>0x192f0</run_address>
         <size>0x118</size>
         <alignment>0x4</alignment>
         <input_file_ref idref="fl-a"/>
      </object_component>
      <object_component id="oc-112">
         <name>.text.PrintOneWonSpn</name>
         <load_address>0x19408</load_address>
         <readonly>true</readonly>
         <executable>true</executable>
         <run_address>0x19408</run_address>
         <size>0x100</size>
         <alignment>0x4</alignment>
         <input_file_ref idref="fl-5"/>
      </object_component>
      <object_component id="oc-210">
         <name>.text.SPI_Init</name>
         <load_address>0x19508</load_address>
         <readonly>true</readonly>
         <executable>true</executable>
         <run_address>0x19508</run_address>
         <size>0xf8</size>
         <alignment>0x4</alignment>
         <input_file_ref idref="fl-9"/>
      </object_component>
      <object_component id="oc-114">
         <name>.text.PrintTwoWonSpn</name>
         <load_address>0x19600</load_address>
         <readonly>true</readonly>
         <executable>true</executable>
         <run_address>0x19600</run_address>
         <size>0xf0</size>
         <alignment>0x4</alignment>
         <input_file_ref idref="fl-5"/>
      </object_component>
      <object_component id="oc-111">
         <name>.text.PrintOneWonEng</name>
         <load_address>0x196f0</load_address>
         <readonly>true</readonly>
         <executable>true</executable>
         <run_address>0x196f0</run_address>
         <size>0xec</size>
         <alignment>0x4</alignment>
         <input_file_ref idref="fl-5"/>
      </object_component>
      <object_component id="oc-151">
         <name>.text.add_device</name>
         <load_address>0x197dc</load_address>
         <readonly>true</readonly>
         <executable>true</executable>
         <run_address>0x197dc</run_address>
         <size>0xec</size>
         <alignment>0x4</alignment>
         <input_file_ref idref="fl-b7"/>
      </object_component>
      <object_component id="oc-1f2">
         <name>.text.free</name>
         <load_address>0x198c8</load_address>
         <readonly>true</readonly>
         <executable>true</executable>
         <run_address>0x198c8</run_address>
         <size>0xec</size>
         <alignment>0x4</alignment>
         <input_file_ref idref="fl-33"/>
      </object_component>
      <object_component id="oc-176">
         <name>.text.UART_Init</name>
         <load_address>0x199b4</load_address>
         <readonly>true</readonly>
         <executable>true</executable>
         <run_address>0x199b4</run_address>
         <size>0xe8</size>
         <alignment>0x4</alignment>
         <input_file_ref idref="fl-e"/>
      </object_component>
      <object_component id="oc-15c">
         <name>.text.setvbuf</name>
         <load_address>0x19a9c</load_address>
         <readonly>true</readonly>
         <executable>true</executable>
         <run_address>0x19a9c</run_address>
         <size>0xdc</size>
         <alignment>0x4</alignment>
         <input_file_ref idref="fl-2d"/>
      </object_component>
      <object_component id="oc-184">
         <name>.text.ST7735_OutChar</name>
         <load_address>0x19b78</load_address>
         <readonly>true</readonly>
         <executable>true</executable>
         <run_address>0x19b78</run_address>
         <size>0xd0</size>
         <alignment>0x4</alignment>
         <input_file_ref idref="fl-a"/>
      </object_component>
      <object_component id="oc-103">
         <name>.text.PrintTitle</name>
         <load_address>0x19c48</load_address>
         <readonly>true</readonly>
         <executable>true</executable>
         <run_address>0x19c48</run_address>
         <size>0xcc</size>
         <alignment>0x4</alignment>
         <input_file_ref idref="fl-5"/>
      </object_component>
      <object_component id="oc-113">
         <name>.text.PrintTwoWonEng</name>
         <load_address>0x19d14</load_address>
         <readonly>true</readonly>
         <executable>true</executable>
         <run_address>0x19d14</run_address>
         <size>0xcc</size>
         <alignment>0x4</alignment>
         <input_file_ref idref="fl-5"/>
      </object_component>
      <object_component id="oc-116">
         <name>.text.PrintTieSpn</name>
         <load_address>0x19de0</load_address>
         <readonly>true</readonly>
         <executable>true</executable>
         <run_address>0x19de0</run_address>
         <size>0xb0</size>
         <alignment>0x4</alignment>
         <input_file_ref idref="fl-5"/>
      </object_component>
      <object_component id="oc-17c">
         <name>.text.TimerG7_IntArm</name>
         <load_address>0x19e90</load_address>
         <readonly>true</readonly>
         <executable>true</executable>
         <run_address>0x19e90</run_address>
         <size>0xa8</size>
         <alignment>0x4</alignment>
         <input_file_ref idref="fl-f"/>
      </object_component>
      <object_component id="oc-235">
         <name>.text.open</name>
         <load_address>0x19f38</load_address>
         <readonly>true</readonly>
         <executable>true</executable>
         <run_address>0x19f38</run_address>
         <size>0xa8</size>
         <alignment>0x4</alignment>
         <input_file_ref idref="fl-b4"/>
      </object_component>
      <object_component id="oc-1d2">
         <name>.text.commandList</name>
         <load_address>0x19fe0</load_address>
         <readonly>true</readonly>
         <executable>true</executable>
         <run_address>0x19fe0</run_address>
         <size>0xa2</size>
         <alignment>0x2</alignment>
         <input_file_ref idref="fl-a"/>
      </object_component>
      <object_component id="oc-172">
         <name>.text.DAC5_Init</name>
         <load_address>0x1a082</load_address>
         <readonly>true</readonly>
         <executable>true</executable>
         <run_address>0x1a082</run_address>
         <size>0x2</size>
         <alignment>0x2</alignment>
         <input_file_ref idref="fl-4"/>
      </object_component>
      <object_component id="oc-eb">
         <name>.text.ST7735_InitPrintf</name>
         <load_address>0x1a084</load_address>
         <readonly>true</readonly>
         <executable>true</executable>
         <run_address>0x1a084</run_address>
         <size>0x9c</size>
         <alignment>0x4</alignment>
         <input_file_ref idref="fl-a"/>
      </object_component>
      <object_component id="oc-10f">
         <name>.text.PrintEngGoal</name>
         <load_address>0x1a120</load_address>
         <readonly>true</readonly>
         <executable>true</executable>
         <run_address>0x1a120</run_address>
         <size>0x98</size>
         <alignment>0x4</alignment>
         <input_file_ref idref="fl-5"/>
      </object_component>
      <object_component id="oc-150">
         <name>.text.ST7735_InitR</name>
         <load_address>0x1a1b8</load_address>
         <readonly>true</readonly>
         <executable>true</executable>
         <run_address>0x1a1b8</run_address>
         <size>0x98</size>
         <alignment>0x4</alignment>
         <input_file_ref idref="fl-a"/>
      </object_component>
      <object_component id="oc-fa">
         <name>.text.TimerG12_IntArm</name>
         <load_address>0x1a250</load_address>
         <readonly>true</readonly>
         <executable>true</executable>
         <run_address>0x1a250</run_address>
         <size>0x94</size>
         <alignment>0x4</alignment>
         <input_file_ref idref="fl-f"/>
      </object_component>
      <object_component id="oc-185">
         <name>.text.setAddrWindow</name>
         <load_address>0x1a2e4</load_address>
         <readonly>true</readonly>
         <executable>true</executable>
         <run_address>0x1a2e4</run_address>
         <size>0x88</size>
         <alignment>0x4</alignment>
         <input_file_ref idref="fl-a"/>
      </object_component>
      <object_component id="oc-202">
         <name>.text.ST7735_DrawString</name>
         <load_address>0x1a36c</load_address>
         <readonly>true</readonly>
         <executable>true</executable>
         <run_address>0x1a36c</run_address>
         <size>0x84</size>
         <alignment>0x2</alignment>
         <input_file_ref idref="fl-a"/>
      </object_component>
      <object_component id="oc-110">
         <name>.text.PrintSpnGoal</name>
         <load_address>0x1a3f0</load_address>
         <readonly>true</readonly>
         <executable>true</executable>
         <run_address>0x1a3f0</run_address>
         <size>0x80</size>
         <alignment>0x4</alignment>
         <input_file_ref idref="fl-5"/>
      </object_component>
      <object_component id="oc-96">
         <name>.text.moveball</name>
         <load_address>0x1a470</load_address>
         <readonly>true</readonly>
         <executable>true</executable>
         <run_address>0x1a470</run_address>
         <size>0x80</size>
         <alignment>0x4</alignment>
         <input_file_ref idref="fl-5"/>
      </object_component>
      <object_component id="oc-e6">
         <name>.text.LaunchPad_Init</name>
         <load_address>0x1a4f0</load_address>
         <readonly>true</readonly>
         <executable>true</executable>
         <run_address>0x1a4f0</run_address>
         <size>0x7c</size>
         <alignment>0x4</alignment>
         <input_file_ref idref="fl-8"/>
      </object_component>
      <object_component id="oc-1ec">
         <name>.text.__TI_closefile</name>
         <load_address>0x1a56c</load_address>
         <readonly>true</readonly>
         <executable>true</executable>
         <run_address>0x1a56c</run_address>
         <size>0x7c</size>
         <alignment>0x4</alignment>
         <input_file_ref idref="fl-3b"/>
      </object_component>
      <object_component id="oc-f1">
         <name>.text.ADC0init</name>
         <load_address>0x1a5e8</load_address>
         <readonly>true</readonly>
         <executable>true</executable>
         <run_address>0x1a5e8</run_address>
         <size>0x78</size>
         <alignment>0x4</alignment>
         <input_file_ref idref="fl-1"/>
      </object_component>
      <object_component id="oc-f0">
         <name>.text.ADC1init</name>
         <load_address>0x1a660</load_address>
         <readonly>true</readonly>
         <executable>true</executable>
         <run_address>0x1a660</run_address>
         <size>0x78</size>
         <alignment>0x4</alignment>
         <input_file_ref idref="fl-1"/>
      </object_component>
      <object_component id="oc-1c">
         <name>.text:decompress:lzss</name>
         <load_address>0x1a6d8</load_address>
         <readonly>true</readonly>
         <executable>true</executable>
         <run_address>0x1a6d8</run_address>
         <size>0x78</size>
         <alignment>0x4</alignment>
         <input_file_ref idref="fl-37"/>
      </object_component>
      <object_component id="oc-251">
         <name>.text.ST7735_DrawPixel</name>
         <load_address>0x1a750</load_address>
         <readonly>true</readonly>
         <executable>true</executable>
         <run_address>0x1a750</run_address>
         <size>0x70</size>
         <alignment>0x4</alignment>
         <input_file_ref idref="fl-a"/>
      </object_component>
      <object_component id="oc-223">
         <name>.text.HOSTlseek</name>
         <load_address>0x1a7c0</load_address>
         <readonly>true</readonly>
         <executable>true</executable>
         <run_address>0x1a7c0</run_address>
         <size>0x6c</size>
         <alignment>0x4</alignment>
         <input_file_ref idref="fl-ba"/>
      </object_component>
      <object_component id="oc-22b">
         <name>.text.HOSTrename</name>
         <load_address>0x1a82c</load_address>
         <readonly>true</readonly>
         <executable>true</executable>
         <run_address>0x1a82c</run_address>
         <size>0x6c</size>
         <alignment>0x4</alignment>
         <input_file_ref idref="fl-bd"/>
      </object_component>
      <object_component id="oc-272">
         <name>.text.getdevice</name>
         <load_address>0x1a898</load_address>
         <readonly>true</readonly>
         <executable>true</executable>
         <run_address>0x1a898</run_address>
         <size>0x68</size>
         <alignment>0x4</alignment>
         <input_file_ref idref="fl-d4"/>
      </object_component>
      <object_component id="oc-106">
         <name>.text.Countdown</name>
         <load_address>0x1a900</load_address>
         <readonly>true</readonly>
         <executable>true</executable>
         <run_address>0x1a900</run_address>
         <size>0x64</size>
         <alignment>0x4</alignment>
         <input_file_ref idref="fl-5"/>
      </object_component>
      <object_component id="oc-115">
         <name>.text.PrintTieEng</name>
         <load_address>0x1a964</load_address>
         <readonly>true</readonly>
         <executable>true</executable>
         <run_address>0x1a964</run_address>
         <size>0x64</size>
         <alignment>0x4</alignment>
         <input_file_ref idref="fl-5"/>
      </object_component>
      <object_component id="oc-289">
         <name>.text.split</name>
         <load_address>0x1a9c8</load_address>
         <readonly>true</readonly>
         <executable>true</executable>
         <run_address>0x1a9c8</run_address>
         <size>0x64</size>
         <alignment>0x4</alignment>
         <input_file_ref idref="fl-33"/>
      </object_component>
      <object_component id="oc-213">
         <name>.text.HOSTopen</name>
         <load_address>0x1aa2c</load_address>
         <readonly>true</readonly>
         <executable>true</executable>
         <run_address>0x1aa2c</run_address>
         <size>0x60</size>
         <alignment>0x4</alignment>
         <input_file_ref idref="fl-bb"/>
      </object_component>
      <object_component id="oc-21b">
         <name>.text.HOSTread</name>
         <load_address>0x1aa8c</load_address>
         <readonly>true</readonly>
         <executable>true</executable>
         <run_address>0x1aa8c</run_address>
         <size>0x58</size>
         <alignment>0x4</alignment>
         <input_file_ref idref="fl-bc"/>
      </object_component>
      <object_component id="oc-21f">
         <name>.text.HOSTwrite</name>
         <load_address>0x1aae4</load_address>
         <readonly>true</readonly>
         <executable>true</executable>
         <run_address>0x1aae4</run_address>
         <size>0x58</size>
         <alignment>0x4</alignment>
         <input_file_ref idref="fl-bf"/>
      </object_component>
      <object_component id="oc-37">
         <name>.text.SysTick_Handler</name>
         <load_address>0x1ab3c</load_address>
         <readonly>true</readonly>
         <executable>true</executable>
         <run_address>0x1ab3c</run_address>
         <size>0x58</size>
         <alignment>0x4</alignment>
         <input_file_ref idref="fl-c"/>
      </object_component>
      <object_component id="oc-f9">
         <name>.text.TExaS_Init</name>
         <load_address>0x1ab94</load_address>
         <readonly>true</readonly>
         <executable>true</executable>
         <run_address>0x1ab94</run_address>
         <size>0x58</size>
         <alignment>0x4</alignment>
         <input_file_ref idref="fl-e"/>
      </object_component>
      <object_component id="oc-94">
         <name>.text.checkcollisionwall</name>
         <load_address>0x1abec</load_address>
         <readonly>true</readonly>
         <executable>true</executable>
         <run_address>0x1abec</run_address>
         <size>0x58</size>
         <alignment>0x4</alignment>
         <input_file_ref idref="fl-5"/>
      </object_component>
      <object_component id="oc-239">
         <name>.text.__TI_doflush</name>
         <load_address>0x1ac44</load_address>
         <readonly>true</readonly>
         <executable>true</executable>
         <run_address>0x1ac44</run_address>
         <size>0x52</size>
         <alignment>0x2</alignment>
         <input_file_ref idref="fl-3c"/>
      </object_component>
      <object_component id="oc-f3">
         <name>.text.LED_Init</name>
         <load_address>0x1ac96</load_address>
         <readonly>true</readonly>
         <executable>true</executable>
         <run_address>0x1ac96</run_address>
         <size>0x2</size>
         <alignment>0x2</alignment>
         <input_file_ref idref="fl-6"/>
      </object_component>
      <object_component id="oc-23f">
         <name>.text.close</name>
         <load_address>0x1ac98</load_address>
         <readonly>true</readonly>
         <executable>true</executable>
         <run_address>0x1ac98</run_address>
         <size>0x50</size>
         <alignment>0x4</alignment>
         <input_file_ref idref="fl-b6"/>
      </object_component>
      <object_component id="oc-107">
         <name>.text.InitPositions</name>
         <load_address>0x1ace8</load_address>
         <readonly>true</readonly>
         <executable>true</executable>
         <run_address>0x1ace8</run_address>
         <size>0x4c</size>
         <alignment>0x4</alignment>
         <input_file_ref idref="fl-5"/>
      </object_component>
      <object_component id="oc-8c">
         <name>.text.MoveLeft</name>
         <load_address>0x1ad34</load_address>
         <readonly>true</readonly>
         <executable>true</executable>
         <run_address>0x1ad34</run_address>
         <size>0x4c</size>
         <alignment>0x4</alignment>
         <input_file_ref idref="fl-5"/>
      </object_component>
      <object_component id="oc-8d">
         <name>.text.MoveRight</name>
         <load_address>0x1ad80</load_address>
         <readonly>true</readonly>
         <executable>true</executable>
         <run_address>0x1ad80</run_address>
         <size>0x4c</size>
         <alignment>0x4</alignment>
         <input_file_ref idref="fl-5"/>
      </object_component>
      <object_component id="oc-217">
         <name>.text.HOSTclose</name>
         <load_address>0x1adcc</load_address>
         <readonly>true</readonly>
         <executable>true</executable>
         <run_address>0x1adcc</run_address>
         <size>0x48</size>
         <alignment>0x4</alignment>
         <input_file_ref idref="fl-b9"/>
      </object_component>
      <object_component id="oc-227">
         <name>.text.HOSTunlink</name>
         <load_address>0x1ae14</load_address>
         <readonly>true</readonly>
         <executable>true</executable>
         <run_address>0x1ae14</run_address>
         <size>0x48</size>
         <alignment>0x4</alignment>
         <input_file_ref idref="fl-be"/>
      </object_component>
      <object_component id="oc-1d3">
         <name>.text.SPI_OutCommand</name>
         <load_address>0x1ae5c</load_address>
         <readonly>true</readonly>
         <executable>true</executable>
         <run_address>0x1ae5c</run_address>
         <size>0x48</size>
         <alignment>0x4</alignment>
         <input_file_ref idref="fl-9"/>
      </object_component>
      <object_component id="oc-90">
         <name>.text.gravityl</name>
         <load_address>0x1aea4</load_address>
         <readonly>true</readonly>
         <executable>true</executable>
         <run_address>0x1aea4</run_address>
         <size>0x48</size>
         <alignment>0x4</alignment>
         <input_file_ref idref="fl-5"/>
      </object_component>
      <object_component id="oc-91">
         <name>.text.gravityr</name>
         <load_address>0x1aeec</load_address>
         <readonly>true</readonly>
         <executable>true</executable>
         <run_address>0x1aeec</run_address>
         <size>0x48</size>
         <alignment>0x4</alignment>
         <input_file_ref idref="fl-5"/>
      </object_component>
      <object_component id="oc-81">
         <name>.text.ADC0in</name>
         <load_address>0x1af34</load_address>
         <readonly>true</readonly>
         <executable>true</executable>
         <run_address>0x1af34</run_address>
         <size>0x44</size>
         <alignment>0x4</alignment>
         <input_file_ref idref="fl-1"/>
      </object_component>
      <object_component id="oc-7c">
         <name>.text.ADC1in</name>
         <load_address>0x1af78</load_address>
         <readonly>true</readonly>
         <executable>true</executable>
         <run_address>0x1af78</run_address>
         <size>0x44</size>
         <alignment>0x4</alignment>
         <input_file_ref idref="fl-1"/>
      </object_component>
      <object_component id="oc-173">
         <name>.text.SysTick_IntArm</name>
         <load_address>0x1afbc</load_address>
         <readonly>true</readonly>
         <executable>true</executable>
         <run_address>0x1afbc</run_address>
         <size>0x44</size>
         <alignment>0x4</alignment>
         <input_file_ref idref="fl-c"/>
      </object_component>
      <object_component id="oc-253">
         <name>.text.SPI_Reset</name>
         <load_address>0x1b000</load_address>
         <readonly>true</readonly>
         <executable>true</executable>
         <run_address>0x1b000</run_address>
         <size>0x40</size>
         <alignment>0x4</alignment>
         <input_file_ref idref="fl-9"/>
      </object_component>
      <object_component id="oc-3c">
         <name>.text.TIMG7_IRQHandler</name>
         <load_address>0x1b040</load_address>
         <readonly>true</readonly>
         <executable>true</executable>
         <run_address>0x1b040</run_address>
         <size>0x40</size>
         <alignment>0x4</alignment>
         <input_file_ref idref="fl-e"/>
      </object_component>
      <object_component id="oc-178">
         <name>.text.__aeabi_uidivmod</name>
         <load_address>0x1b080</load_address>
         <readonly>true</readonly>
         <executable>true</executable>
         <run_address>0x1b080</run_address>
         <size>0x40</size>
         <alignment>0x4</alignment>
         <input_file_ref idref="fl-ce"/>
      </object_component>
      <object_component id="oc-1e8">
         <name>.text._search_fp</name>
         <load_address>0x1b0c0</load_address>
         <readonly>true</readonly>
         <executable>true</executable>
         <run_address>0x1b0c0</run_address>
         <size>0x40</size>
         <alignment>0x4</alignment>
         <input_file_ref idref="fl-2c"/>
      </object_component>
      <object_component id="oc-8e">
         <name>.text.checkcharactercollision</name>
         <load_address>0x1b100</load_address>
         <readonly>true</readonly>
         <executable>true</executable>
         <run_address>0x1b100</run_address>
         <size>0x40</size>
         <alignment>0x4</alignment>
         <input_file_ref idref="fl-5"/>
      </object_component>
      <object_component id="oc-12f">
         <name>.text:__TI_auto_init_nobinit_nopinit</name>
         <load_address>0x1b140</load_address>
         <readonly>true</readonly>
         <executable>true</executable>
         <run_address>0x1b140</run_address>
         <size>0x3c</size>
         <alignment>0x4</alignment>
         <input_file_ref idref="fl-40"/>
      </object_component>
      <object_component id="oc-14d">
         <name>.text.ActivatePortA_B</name>
         <load_address>0x1b17c</load_address>
         <readonly>true</readonly>
         <executable>true</executable>
         <run_address>0x1b17c</run_address>
         <size>0x38</size>
         <alignment>0x4</alignment>
         <input_file_ref idref="fl-8"/>
      </object_component>
      <object_component id="oc-186">
         <name>.text.SPI_OutData</name>
         <load_address>0x1b1b4</load_address>
         <readonly>true</readonly>
         <executable>true</executable>
         <run_address>0x1b1b4</run_address>
         <size>0x38</size>
         <alignment>0x4</alignment>
         <input_file_ref idref="fl-9"/>
      </object_component>
      <object_component id="oc-1dc">
         <name>.text.finddevice</name>
         <load_address>0x1b1ec</load_address>
         <readonly>true</readonly>
         <executable>true</executable>
         <run_address>0x1b1ec</run_address>
         <size>0x38</size>
         <alignment>0x4</alignment>
         <input_file_ref idref="fl-d4"/>
      </object_component>
      <object_component id="oc-1ac">
         <name>.text.Clock_Delay1ms</name>
         <load_address>0x1b224</load_address>
         <readonly>true</readonly>
         <executable>true</executable>
         <run_address>0x1b224</run_address>
         <size>0x34</size>
         <alignment>0x4</alignment>
         <input_file_ref idref="fl-3"/>
      </object_component>
      <object_component id="oc-100">
         <name>.text.ST7735_SetCursor</name>
         <load_address>0x1b258</load_address>
         <readonly>true</readonly>
         <executable>true</executable>
         <run_address>0x1b258</run_address>
         <size>0x34</size>
         <alignment>0x4</alignment>
         <input_file_ref idref="fl-a"/>
      </object_component>
      <object_component id="oc-163">
         <name>.text.ST7735_write</name>
         <load_address>0x1b28c</load_address>
         <readonly>true</readonly>
         <executable>true</executable>
         <run_address>0x1b28c</run_address>
         <size>0x34</size>
         <alignment>0x2</alignment>
         <input_file_ref idref="fl-a"/>
      </object_component>
      <object_component id="oc-10e">
         <name>.text.Sound_Start</name>
         <load_address>0x1b2c0</load_address>
         <readonly>true</readonly>
         <executable>true</executable>
         <run_address>0x1b2c0</run_address>
         <size>0x34</size>
         <alignment>0x4</alignment>
         <input_file_ref idref="fl-c"/>
      </object_component>
      <object_component id="oc-87">
         <name>.text.Switch_In</name>
         <load_address>0x1b2f4</load_address>
         <readonly>true</readonly>
         <executable>true</executable>
         <run_address>0x1b2f4</run_address>
         <size>0x34</size>
         <alignment>0x4</alignment>
         <input_file_ref idref="fl-d"/>
      </object_component>
      <object_component id="oc-1f5">
         <name>.text.__TI_cleanup</name>
         <load_address>0x1b328</load_address>
         <readonly>true</readonly>
         <executable>true</executable>
         <run_address>0x1b328</run_address>
         <size>0x34</size>
         <alignment>0x4</alignment>
         <input_file_ref idref="fl-2c"/>
      </object_component>
      <object_component id="oc-25a">
         <name>.text.__TI_readmsg</name>
         <load_address>0x1b35c</load_address>
         <readonly>true</readonly>
         <executable>true</executable>
         <run_address>0x1b35c</run_address>
         <size>0x34</size>
         <alignment>0x4</alignment>
         <input_file_ref idref="fl-c0"/>
      </object_component>
      <object_component id="oc-254">
         <name>.text.__TI_writemsg</name>
         <load_address>0x1b390</load_address>
         <readonly>true</readonly>
         <executable>true</executable>
         <run_address>0x1b390</run_address>
         <size>0x34</size>
         <alignment>0x4</alignment>
         <input_file_ref idref="fl-c0"/>
      </object_component>
      <object_component id="oc-12d">
         <name>.text.exit</name>
         <load_address>0x1b3c4</load_address>
         <readonly>true</readonly>
         <executable>true</executable>
         <run_address>0x1b3c4</run_address>
         <size>0x34</size>
         <alignment>0x4</alignment>
         <input_file_ref idref="fl-2f"/>
      </object_component>
      <object_component id="oc-15b">
         <name>.text.freopen</name>
         <load_address>0x1b3f8</load_address>
         <readonly>true</readonly>
         <executable>true</executable>
         <run_address>0x1b3f8</run_address>
         <size>0x34</size>
         <alignment>0x4</alignment>
         <input_file_ref idref="fl-2c"/>
      </object_component>
      <object_component id="oc-1d1">
         <name>.text.commonInit</name>
         <load_address>0x1b42c</load_address>
         <readonly>true</readonly>
         <executable>true</executable>
         <run_address>0x1b42c</run_address>
         <size>0x30</size>
         <alignment>0x4</alignment>
         <input_file_ref idref="fl-a"/>
      </object_component>
      <object_component id="oc-155">
         <name>.text.fopen</name>
         <load_address>0x1b45c</load_address>
         <readonly>true</readonly>
         <executable>true</executable>
         <run_address>0x1b45c</run_address>
         <size>0x30</size>
         <alignment>0x4</alignment>
         <input_file_ref idref="fl-2c"/>
      </object_component>
      <object_component id="oc-ff">
         <name>.text.ST7735_FillScreen</name>
         <load_address>0x1b48c</load_address>
         <readonly>true</readonly>
         <executable>true</executable>
         <run_address>0x1b48c</run_address>
         <size>0x2c</size>
         <alignment>0x4</alignment>
         <input_file_ref idref="fl-a"/>
      </object_component>
      <object_component id="oc-281">
         <name>.text.unlink</name>
         <load_address>0x1b4b8</load_address>
         <readonly>true</readonly>
         <executable>true</executable>
         <run_address>0x1b4b8</run_address>
         <size>0x2c</size>
         <alignment>0x4</alignment>
         <input_file_ref idref="fl-b8"/>
      </object_component>
      <object_component id="oc-175">
         <name>.text.ADC_Start</name>
         <load_address>0x1b4e4</load_address>
         <readonly>true</readonly>
         <executable>true</executable>
         <run_address>0x1b4e4</run_address>
         <size>0x28</size>
         <alignment>0x4</alignment>
         <input_file_ref idref="fl-e"/>
      </object_component>
      <object_component id="oc-92">
         <name>.text.JumpLeft</name>
         <load_address>0x1b50c</load_address>
         <readonly>true</readonly>
         <executable>true</executable>
         <run_address>0x1b50c</run_address>
         <size>0x28</size>
         <alignment>0x4</alignment>
         <input_file_ref idref="fl-5"/>
      </object_component>
      <object_component id="oc-93">
         <name>.text.JumpRight</name>
         <load_address>0x1b534</load_address>
         <readonly>true</readonly>
         <executable>true</executable>
         <run_address>0x1b534</run_address>
         <size>0x28</size>
         <alignment>0x4</alignment>
         <input_file_ref idref="fl-5"/>
      </object_component>
      <object_component id="oc-24c">
         <name>.text.free_list_insert</name>
         <load_address>0x1b55c</load_address>
         <readonly>true</readonly>
         <executable>true</executable>
         <run_address>0x1b55c</run_address>
         <size>0x28</size>
         <alignment>0x4</alignment>
         <input_file_ref idref="fl-33"/>
      </object_component>
      <object_component id="oc-278">
         <name>.text.write</name>
         <load_address>0x1b584</load_address>
         <readonly>true</readonly>
         <executable>true</executable>
         <run_address>0x1b584</run_address>
         <size>0x28</size>
         <alignment>0x4</alignment>
         <input_file_ref idref="fl-b1"/>
      </object_component>
      <object_component id="oc-61">
         <name>.text:_c_int00_noargs</name>
         <load_address>0x1b5ac</load_address>
         <readonly>true</readonly>
         <executable>true</executable>
         <run_address>0x1b5ac</run_address>
         <size>0x28</size>
         <alignment>0x4</alignment>
         <input_file_ref idref="fl-38"/>
      </object_component>
      <object_component id="oc-101">
         <name>.text.ST7735_OutString</name>
         <load_address>0x1b5d4</load_address>
         <readonly>true</readonly>
         <executable>true</executable>
         <run_address>0x1b5d4</run_address>
         <size>0x26</size>
         <alignment>0x2</alignment>
         <input_file_ref idref="fl-a"/>
      </object_component>
      <object_component id="oc-1fc">
         <name>.text.__aeabi_idiv0</name>
         <load_address>0x1b5fa</load_address>
         <readonly>true</readonly>
         <executable>true</executable>
         <run_address>0x1b5fa</run_address>
         <size>0x2</size>
         <alignment>0x2</alignment>
         <input_file_ref idref="fl-d3"/>
      </object_component>
      <object_component id="oc-82">
         <name>.text.LateralVelocity</name>
         <load_address>0x1b5fc</load_address>
         <readonly>true</readonly>
         <executable>true</executable>
         <run_address>0x1b5fc</run_address>
         <size>0x24</size>
         <alignment>0x4</alignment>
         <input_file_ref idref="fl-5"/>
      </object_component>
      <object_component id="oc-28b">
         <name>.text.pushColor</name>
         <load_address>0x1b620</load_address>
         <readonly>true</readonly>
         <executable>true</executable>
         <run_address>0x1b620</run_address>
         <size>0x1e</size>
         <alignment>0x2</alignment>
         <input_file_ref idref="fl-a"/>
      </object_component>
      <object_component id="oc-207">
         <name>.text._nop</name>
         <load_address>0x1b63e</load_address>
         <readonly>true</readonly>
         <executable>true</executable>
         <run_address>0x1b63e</run_address>
         <size>0x2</size>
         <alignment>0x2</alignment>
         <input_file_ref idref="fl-30"/>
      </object_component>
      <object_component id="oc-24a">
         <name>.text.free_list_remove</name>
         <load_address>0x1b640</load_address>
         <readonly>true</readonly>
         <executable>true</executable>
         <run_address>0x1b640</run_address>
         <size>0x1c</size>
         <alignment>0x4</alignment>
         <input_file_ref idref="fl-33"/>
      </object_component>
      <object_component id="oc-f2">
         <name>.text.Switch_Init</name>
         <load_address>0x1b65c</load_address>
         <readonly>true</readonly>
         <executable>true</executable>
         <run_address>0x1b65c</run_address>
         <size>0x18</size>
         <alignment>0x4</alignment>
         <input_file_ref idref="fl-d"/>
      </object_component>
      <object_component id="oc-166">
         <name>.text.ST7735_open</name>
         <load_address>0x1b674</load_address>
         <readonly>true</readonly>
         <executable>true</executable>
         <run_address>0x1b674</run_address>
         <size>0x16</size>
         <alignment>0x2</alignment>
         <input_file_ref idref="fl-a"/>
      </object_component>
      <object_component id="oc-164">
         <name>.text.ST7735_read</name>
         <load_address>0x1b68a</load_address>
         <readonly>true</readonly>
         <executable>true</executable>
         <run_address>0x1b68a</run_address>
         <size>0x16</size>
         <alignment>0x2</alignment>
         <input_file_ref idref="fl-a"/>
      </object_component>
      <object_component id="oc-58">
         <name>.text:decompress:ZI:__TI_zero_init_nomemset</name>
         <load_address>0x1b6a0</load_address>
         <readonly>true</readonly>
         <executable>true</executable>
         <run_address>0x1b6a0</run_address>
         <size>0x16</size>
         <alignment>0x2</alignment>
         <input_file_ref idref="fl-35"/>
      </object_component>
      <object_component id="oc-f8">
         <name>.text.Sound_Init</name>
         <load_address>0x1b6b8</load_address>
         <readonly>true</readonly>
         <executable>true</executable>
         <run_address>0x1b6b8</run_address>
         <size>0x14</size>
         <alignment>0x4</alignment>
         <input_file_ref idref="fl-c"/>
      </object_component>
      <object_component id="oc-26e">
         <name>.text.strcpy</name>
         <load_address>0x1b6cc</load_address>
         <readonly>true</readonly>
         <executable>true</executable>
         <run_address>0x1b6cc</run_address>
         <size>0x12</size>
         <alignment>0x2</alignment>
         <input_file_ref idref="fl-bd"/>
      </object_component>
      <object_component id="oc-db">
         <name>.text:TI_memcpy_small</name>
         <load_address>0x1b6de</load_address>
         <readonly>true</readonly>
         <executable>true</executable>
         <run_address>0x1b6de</run_address>
         <size>0x12</size>
         <alignment>0x1</alignment>
         <input_file_ref idref="fl-d5"/>
      </object_component>
      <object_component id="oc-20">
         <name>.text:decompress:none</name>
         <load_address>0x1b6f0</load_address>
         <readonly>true</readonly>
         <executable>true</executable>
         <run_address>0x1b6f0</run_address>
         <size>0x12</size>
         <alignment>0x2</alignment>
         <input_file_ref idref="fl-36"/>
      </object_component>
      <object_component id="oc-16f">
         <name>.text.Clock_Delay</name>
         <load_address>0x1b702</load_address>
         <readonly>true</readonly>
         <executable>true</executable>
         <run_address>0x1b702</run_address>
         <size>0x10</size>
         <alignment>0x2</alignment>
         <input_file_ref idref="fl-3"/>
      </object_component>
      <object_component id="oc-117">
         <name>.text.TExaS_LaunchPadLogicPB27PB26</name>
         <load_address>0x1b714</load_address>
         <readonly>true</readonly>
         <executable>true</executable>
         <run_address>0x1b714</run_address>
         <size>0x10</size>
         <alignment>0x4</alignment>
         <input_file_ref idref="fl-7"/>
      </object_component>
      <object_component id="oc-24b">
         <name>.text.OUTLINED_FUNCTION_0</name>
         <load_address>0x1b724</load_address>
         <readonly>true</readonly>
         <executable>true</executable>
         <run_address>0x1b724</run_address>
         <size>0xe</size>
         <alignment>0x2</alignment>
         <input_file_ref idref="fl-33"/>
      </object_component>
      <object_component id="oc-162">
         <name>.text.ST7735_lseek</name>
         <load_address>0x1b732</load_address>
         <readonly>true</readonly>
         <executable>true</executable>
         <run_address>0x1b732</run_address>
         <size>0xe</size>
         <alignment>0x2</alignment>
         <input_file_ref idref="fl-a"/>
      </object_component>
      <object_component id="oc-26f">
         <name>.text.strlen</name>
         <load_address>0x1b740</load_address>
         <readonly>true</readonly>
         <executable>true</executable>
         <run_address>0x1b740</run_address>
         <size>0xe</size>
         <alignment>0x2</alignment>
         <input_file_ref idref="fl-bd"/>
      </object_component>
      <object_component id="oc-142">
         <name>.text:TI_memset_small</name>
         <load_address>0x1b74e</load_address>
         <readonly>true</readonly>
         <executable>true</executable>
         <run_address>0x1b74e</run_address>
         <size>0xe</size>
         <alignment>0x1</alignment>
         <input_file_ref idref="fl-d6"/>
      </object_component>
      <object_component id="oc-177">
         <name>.text.Clock_Freq</name>
         <load_address>0x1b75c</load_address>
         <readonly>true</readonly>
         <executable>true</executable>
         <run_address>0x1b75c</run_address>
         <size>0xc</size>
         <alignment>0x4</alignment>
         <input_file_ref idref="fl-3"/>
      </object_component>
      <object_component id="oc-160">
         <name>.text.ST7735_rename</name>
         <load_address>0x1b768</load_address>
         <readonly>true</readonly>
         <executable>true</executable>
         <run_address>0x1b768</run_address>
         <size>0xc</size>
         <alignment>0x2</alignment>
         <input_file_ref idref="fl-a"/>
      </object_component>
      <object_component id="oc-b5">
         <name>.text.__aeabi_memclr</name>
         <load_address>0x1b774</load_address>
         <readonly>true</readonly>
         <executable>true</executable>
         <run_address>0x1b774</run_address>
         <size>0xc</size>
         <alignment>0x4</alignment>
         <input_file_ref idref="fl-cd"/>
      </object_component>
      <object_component id="oc-1f4">
         <name>.text.malloc</name>
         <load_address>0x1b780</load_address>
         <readonly>true</readonly>
         <executable>true</executable>
         <run_address>0x1b780</run_address>
         <size>0xc</size>
         <alignment>0x2</alignment>
         <input_file_ref idref="fl-33"/>
      </object_component>
      <object_component id="oc-e5">
         <name>.text.PLL_Init</name>
         <load_address>0x1b78c</load_address>
         <readonly>true</readonly>
         <executable>true</executable>
         <run_address>0x1b78c</run_address>
         <size>0xa</size>
         <alignment>0x2</alignment>
         <input_file_ref idref="fl-7"/>
      </object_component>
      <object_component id="oc-167">
         <name>.text.ST7735_close</name>
         <load_address>0x1b796</load_address>
         <readonly>true</readonly>
         <executable>true</executable>
         <run_address>0x1b796</run_address>
         <size>0xa</size>
         <alignment>0x2</alignment>
         <input_file_ref idref="fl-a"/>
      </object_component>
      <object_component id="oc-161">
         <name>.text.ST7735_unlink</name>
         <load_address>0x1b7a0</load_address>
         <readonly>true</readonly>
         <executable>true</executable>
         <run_address>0x1b7a0</run_address>
         <size>0xa</size>
         <alignment>0x2</alignment>
         <input_file_ref idref="fl-a"/>
      </object_component>
      <object_component id="oc-6d">
         <name>.text.DAC5_Out</name>
         <load_address>0x1b7aa</load_address>
         <readonly>true</readonly>
         <executable>true</executable>
         <run_address>0x1b7aa</run_address>
         <size>0x8</size>
         <alignment>0x2</alignment>
         <input_file_ref idref="fl-4"/>
      </object_component>
      <object_component id="oc-51">
         <name>.text.__aeabi_memcpy</name>
         <load_address>0x1b7b4</load_address>
         <readonly>true</readonly>
         <executable>true</executable>
         <run_address>0x1b7b4</run_address>
         <size>0x8</size>
         <alignment>0x4</alignment>
         <input_file_ref idref="fl-cc"/>
      </object_component>
      <object_component id="oc-243">
         <name>.text.remove</name>
         <load_address>0x1b7bc</load_address>
         <readonly>true</readonly>
         <executable>true</executable>
         <run_address>0x1b7bc</run_address>
         <size>0x8</size>
         <alignment>0x2</alignment>
         <input_file_ref idref="fl-b3"/>
      </object_component>
      <object_component id="oc-35">
         <name>.text.Default_Handler</name>
         <load_address>0x1b7c4</load_address>
         <readonly>true</readonly>
         <executable>true</executable>
         <run_address>0x1b7c4</run_address>
         <size>0x4</size>
         <alignment>0x2</alignment>
         <input_file_ref idref="fl-11"/>
      </object_component>
      <object_component id="oc-36">
         <name>.text.HardFault_Handler</name>
         <load_address>0x1b7c8</load_address>
         <readonly>true</readonly>
         <executable>true</executable>
         <run_address>0x1b7c8</run_address>
         <size>0x4</size>
         <alignment>0x2</alignment>
         <input_file_ref idref="fl-11"/>
      </object_component>
      <object_component id="oc-31">
         <name>.text.Reset_Handler</name>
         <load_address>0x1b7cc</load_address>
         <readonly>true</readonly>
         <executable>true</executable>
         <run_address>0x1b7cc</run_address>
         <size>0x4</size>
         <alignment>0x2</alignment>
         <input_file_ref idref="fl-11"/>
      </object_component>
      <object_component id="oc-ba">
         <name>.text._system_pre_init</name>
         <load_address>0x1b7d0</load_address>
         <readonly>true</readonly>
         <executable>true</executable>
         <run_address>0x1b7d0</run_address>
         <size>0x4</size>
         <alignment>0x2</alignment>
         <input_file_ref idref="fl-41"/>
      </object_component>
      <object_component id="oc-128">
         <name>.text:abort</name>
         <load_address>0x1b7d4</load_address>
         <readonly>true</readonly>
         <executable>true</executable>
         <run_address>0x1b7d4</run_address>
         <size>0x4</size>
         <alignment>0x2</alignment>
         <input_file_ref idref="fl-2f"/>
      </object_component>
      <object_component id="oc-2d6">
         <name>.cinit..data.load</name>
         <load_address>0x1b7d8</load_address>
         <readonly>true</readonly>
         <run_address>0x1b7d8</run_address>
         <size>0x88</size>
         <alignment>0x1</alignment>
      </object_component>
      <object_component id="oc-2d4">
         <name>__TI_handler_table</name>
         <load_address>0x1b860</load_address>
         <readonly>true</readonly>
         <run_address>0x1b860</run_address>
         <size>0xc</size>
         <alignment>0x4</alignment>
      </object_component>
      <object_component id="oc-2d7">
         <name>.cinit..bss.load</name>
         <load_address>0x1b86c</load_address>
         <readonly>true</readonly>
         <run_address>0x1b86c</run_address>
         <size>0x8</size>
         <alignment>0x4</alignment>
      </object_component>
      <object_component id="oc-2d5">
         <name>__TI_cinit_table</name>
         <load_address>0x1b874</load_address>
         <readonly>true</readonly>
         <run_address>0x1b874</run_address>
         <size>0x10</size>
         <alignment>0x4</alignment>
      </object_component>
      <object_component id="oc-11d">
         <name>.rodata.Background</name>
         <load_address>0xc0</load_address>
         <readonly>true</readonly>
         <run_address>0xc0</run_address>
         <size>0xa000</size>
         <alignment>0x2</alignment>
         <input_file_ref idref="fl-2"/>
      </object_component>
      <object_component id="oc-126">
         <name>.rodata.Goal</name>
         <load_address>0xa0c0</load_address>
         <readonly>true</readonly>
         <run_address>0xa0c0</run_address>
         <size>0x1a4f</size>
         <alignment>0x1</alignment>
         <input_file_ref idref="fl-2"/>
      </object_component>
      <object_component id="oc-127">
         <name>.rodata.Kick</name>
         <load_address>0xbb0f</load_address>
         <readonly>true</readonly>
         <run_address>0xbb0f</run_address>
         <size>0x900</size>
         <alignment>0x1</alignment>
         <input_file_ref idref="fl-2"/>
      </object_component>
      <object_component id="oc-124">
         <name>.rodata.Holt</name>
         <load_address>0xc410</load_address>
         <readonly>true</readonly>
         <run_address>0xc410</run_address>
         <size>0x6e0</size>
         <alignment>0x2</alignment>
         <input_file_ref idref="fl-2"/>
      </object_component>
      <object_component id="oc-123">
         <name>.rodata.Messi</name>
         <load_address>0xcaf0</load_address>
         <readonly>true</readonly>
         <run_address>0xcaf0</run_address>
         <size>0x6e0</size>
         <alignment>0x2</alignment>
         <input_file_ref idref="fl-2"/>
      </object_component>
      <object_component id="oc-1af">
         <name>.rodata.Letter1</name>
         <load_address>0xd1d0</load_address>
         <readonly>true</readonly>
         <run_address>0xd1d0</run_address>
         <size>0x6c0</size>
         <alignment>0x2</alignment>
         <input_file_ref idref="fl-2"/>
      </object_component>
      <object_component id="oc-1ae">
         <name>.rodata.Letter2</name>
         <load_address>0xd890</load_address>
         <readonly>true</readonly>
         <run_address>0xd890</run_address>
         <size>0x6c0</size>
         <alignment>0x2</alignment>
         <input_file_ref idref="fl-2"/>
      </object_component>
      <object_component id="oc-1ad">
         <name>.rodata.Letter3</name>
         <load_address>0xdf50</load_address>
         <readonly>true</readonly>
         <run_address>0xdf50</run_address>
         <size>0x6c0</size>
         <alignment>0x2</alignment>
         <input_file_ref idref="fl-2"/>
      </object_component>
[...]
      </symbol>
      <symbol id="sm-1ef">
         <name>ST7735_unlink</name>
         <value>0x1b7a1</value>
         <object_component_ref idref="oc-161"/>
      </symbol>
      <symbol id="sm-1f0">
         <name>ST7735_rename</name>
         <value>0x1b769</value>
         <object_component_ref idref="oc-160"/>
      </symbol>
      <symbol id="sm-1f1">
         <name>ST7735_InitPrintf</name>
         <value>0x1a085</value>
         <object_component_ref idref="oc-eb"/>
      </symbol>
      <symbol id="sm-1fb">
         <name>SmallFont_OutHorizontal</name>
         <value>0x18b2d</value>
         <object_component_ref idref="oc-108"/>
      </symbol>
      <symbol id="sm-1fc">
         <name>eblank</name>
         <value>0x17490</value>
         <object_component_ref idref="oc-1b0"/>
      </symbol>
      <symbol id="sm-1fd">
         <name>SmallFontHorizontal</name>
         <value>0x1648c</value>
         <object_component_ref idref="oc-1b1"/>
      </symbol>
      <symbol id="sm-216">
         <name>SysTick_IntArm</name>
         <value>0x1afbd</value>
         <object_component_ref idref="oc-173"/>
      </symbol>
      <symbol id="sm-217">
         <name>Sound_Init</name>
         <value>0x1b6b9</value>
         <object_component_ref idref="oc-f8"/>
      </symbol>
      <symbol id="sm-218">
         <name>SysTick_Handler</name>
         <value>0x1ab3d</value>
         <object_component_ref idref="oc-37"/>
      </symbol>
      <symbol id="sm-219">
         <name>CurrSound</name>
         <value>0x20200618</value>
      </symbol>
      <symbol id="sm-21a">
         <name>Sound_Start</name>
         <value>0x1b2c1</value>
         <object_component_ref idref="oc-10e"/>
      </symbol>
      <symbol id="sm-227">
         <name>Switch_Init</name>
         <value>0x1b65d</value>
         <object_component_ref idref="oc-f2"/>
      </symbol>
      <symbol id="sm-228">
         <name>Switch_In</name>
         <value>0x1b2f5</value>
         <object_component_ref idref="oc-87"/>
      </symbol>
      <symbol id="sm-23e">
         <name>ADC_Init</name>
         <value>0x190a5</value>
         <object_component_ref idref="oc-174"/>
      </symbol>
      <symbol id="sm-23f">
         <name>ADC_Start</name>
         <value>0x1b4e5</value>
         <object_component_ref idref="oc-175"/>
      </symbol>
      <symbol id="sm-240">
         <name>UART_Init</name>
         <value>0x199b5</value>
         <object_component_ref idref="oc-176"/>
      </symbol>
      <symbol id="sm-241">
         <name>TIMG7_IRQHandler</name>
         <value>0x1b041</value>
         <object_component_ref idref="oc-3c"/>
      </symbol>
      <symbol id="sm-242">
         <name>TExaSadc</name>
         <value>0x20200620</value>
      </symbol>
      <symbol id="sm-243">
         <name>TExaSLogic</name>
         <value>0x2020061c</value>
      </symbol>
      <symbol id="sm-244">
         <name>TExaS_Init</name>
         <value>0x1ab95</value>
         <object_component_ref idref="oc-f9"/>
      </symbol>
      <symbol id="sm-251">
         <name>TimerG7_IntArm</name>
         <value>0x19e91</value>
         <object_component_ref idref="oc-17c"/>
      </symbol>
      <symbol id="sm-252">
         <name>TimerG12_IntArm</name>
         <value>0x1a251</value>
         <object_component_ref idref="oc-fa"/>
      </symbol>
      <symbol id="sm-260">
         <name>Default_Handler</name>
         <value>0x1b7c5</value>
         <object_component_ref idref="oc-35"/>
      </symbol>
      <symbol id="sm-261">
         <name>Reset_Handler</name>
         <value>0x1b7cd</value>
         <object_component_ref idref="oc-31"/>
      </symbol>
      <symbol id="sm-262">
         <name>HardFault_Handler</name>
         <value>0x1b7c9</value>
         <object_component_ref idref="oc-36"/>
      </symbol>
      <symbol id="sm-263">
         <name>interruptVectors</name>
         <value>0x0</value>
         <object_component_ref idref="oc-18"/>
      </symbol>
      <symbol id="sm-264">
         <name>NMI_Handler</name>
         <value>0x1b7c5</value>
         <object_component_ref idref="oc-35"/>
      </symbol>
      <symbol id="sm-265">
         <name>SVC_Handler</name>
         <value>0x1b7c5</value>
         <object_component_ref idref="oc-35"/>
      </symbol>
      <symbol id="sm-266">
         <name>PendSV_Handler</name>
         <value>0x1b7c5</value>
         <object_component_ref idref="oc-35"/>
      </symbol>
      <symbol id="sm-267">
         <name>GROUP0_IRQHandler</name>
         <value>0x1b7c5</value>
         <object_component_ref idref="oc-35"/>
      </symbol>
      <symbol id="sm-268">
         <name>GROUP1_IRQHandler</name>
         <value>0x1b7c5</value>
         <object_component_ref idref="oc-35"/>
      </symbol>
      <symbol id="sm-269">
         <name>TIMG8_IRQHandler</name>
         <value>0x1b7c5</value>
         <object_component_ref idref="oc-35"/>
      </symbol>
      <symbol id="sm-26a">
         <name>UART3_IRQHandler</name>
         <value>0x1b7c5</value>
         <object_component_ref idref="oc-35"/>
      </symbol>
      <symbol id="sm-26b">
         <name>ADC0_IRQHandler</name>
         <value>0x1b7c5</value>
         <object_component_ref idref="oc-35"/>
      </symbol>
      <symbol id="sm-26c">
         <name>ADC1_IRQHandler</name>
         <value>0x1b7c5</value>
         <object_component_ref idref="oc-35"/>
      </symbol>
      <symbol id="sm-26d">
         <name>CANFD0_IRQHandler</name>
         <value>0x1b7c5</value>
         <object_component_ref idref="oc-35"/>
      </symbol>
      <symbol id="sm-26e">
         <name>DAC0_IRQHandler</name>
         <value>0x1b7c5</value>
         <object_component_ref idref="oc-35"/>
      </symbol>
      <symbol id="sm-26f">
         <name>SPI0_IRQHandler</name>
         <value>0x1b7c5</value>
         <object_component_ref idref="oc-35"/>
      </symbol>
      <symbol id="sm-270">
         <name>SPI1_IRQHandler</name>
         <value>0x1b7c5</value>
         <object_component_ref idref="oc-35"/>
      </symbol>
      <symbol id="sm-271">
         <name>UART1_IRQHandler</name>
         <value>0x1b7c5</value>
         <object_component_ref idref="oc-35"/>
      </symbol>
      <symbol id="sm-272">
         <name>UART2_IRQHandler</name>
         <value>0x1b7c5</value>
         <object_component_ref idref="oc-35"/>
      </symbol>
      <symbol id="sm-273">
         <name>UART0_IRQHandler</name>
         <value>0x1b7c5</value>
         <object_component_ref idref="oc-35"/>
      </symbol>
      <symbol id="sm-274">
         <name>TIMG0_IRQHandler</name>
         <value>0x1b7c5</value>
         <object_component_ref idref="oc-35"/>
      </symbol>
      <symbol id="sm-275">
         <name>TIMG6_IRQHandler</name>
         <value>0x1b7c5</value>
         <object_component_ref idref="oc-35"/>
      </symbol>
      <symbol id="sm-276">
         <name>TIMA0_IRQHandler</name>
         <value>0x1b7c5</value>
         <object_component_ref idref="oc-35"/>
      </symbol>
      <symbol id="sm-277">
         <name>TIMA1_IRQHandler</name>
         <value>0x1b7c5</value>
         <object_component_ref idref="oc-35"/>
      </symbol>
      <symbol id="sm-278">
         <name>I2C0_IRQHandler</name>
         <value>0x1b7c5</value>
         <object_component_ref idref="oc-35"/>
      </symbol>
      <symbol id="sm-279">
         <name>I2C1_IRQHandler</name>
         <value>0x1b7c5</value>
         <object_component_ref idref="oc-35"/>
      </symbol>
      <symbol id="sm-27a">
         <name>AES_IRQHandler</name>
         <value>0x1b7c5</value>
         <object_component_ref idref="oc-35"/>
      </symbol>
      <symbol id="sm-27b">
         <name>RTC_IRQHandler</name>
         <value>0x1b7c5</value>
         <object_component_ref idref="oc-35"/>
      </symbol>
      <symbol id="sm-27c">
         <name>DMA_IRQHandler</name>
         <value>0x1b7c5</value>
         <object_component_ref idref="oc-35"/>
      </symbol>
      <symbol id="sm-27d">
         <name>__TI_ATRegion0_src_addr</name>
         <value>0x0</value>
      </symbol>
      <symbol id="sm-27e">
         <name>__TI_ATRegion0_trg_addr</name>
         <value>0x0</value>
      </symbol>
      <symbol id="sm-27f">
         <name>__TI_ATRegion0_region_sz</name>
         <value>0x0</value>
      </symbol>
      <symbol id="sm-280">
         <name>__TI_ATRegion1_src_addr</name>
         <value>0x0</value>
      </symbol>
      <symbol id="sm-281">
         <name>__TI_ATRegion1_trg_addr</name>
         <value>0x0</value>
      </symbol>
      <symbol id="sm-282">
         <name>__TI_ATRegion1_region_sz</name>
         <value>0x0</value>
      </symbol>
      <symbol id="sm-283">
         <name>__TI_ATRegion2_src_addr</name>
         <value>0x0</value>
      </symbol>
      <symbol id="sm-284">
         <name>__TI_ATRegion2_trg_addr</name>
         <value>0x0</value>
      </symbol>
      <symbol id="sm-285">
         <name>__TI_ATRegion2_region_sz</name>
         <value>0x0</value>
      </symbol>
      <symbol id="sm-29e">
         <name>fopen</name>
         <value>0x1b45d</value>
         <object_component_ref idref="oc-155"/>
      </symbol>
      <symbol id="sm-29f">
         <name>__TI_cleanup</name>
         <value>0x1b329</value>
         <object_component_ref idref="oc-1f5"/>
      </symbol>
      <symbol id="sm-2a0">
         <name>freopen</name>
         <value>0x1b3f9</value>
         <object_component_ref idref="oc-15b"/>
      </symbol>
      <symbol id="sm-2aa">
         <name>setvbuf</name>
         <value>0x19a9d</value>
         <object_component_ref idref="oc-15c"/>
      </symbol>
      <symbol id="sm-2b9">
         <name>abort</name>
         <value>0x1b7d5</value>
         <object_component_ref idref="oc-128"/>
      </symbol>
      <symbol id="sm-2ba">
         <name>C$$EXIT</name>
         <value>0x1b7d4</value>
         <object_component_ref idref="oc-128"/>
      </symbol>
      <symbol id="sm-2bb">
         <name>__TI_cleanup_ptr</name>
         <value>0x202001b8</value>
         <object_component_ref idref="oc-1c5"/>
      </symbol>
      <symbol id="sm-2bc">
         <name>__TI_dtors_ptr</name>
         <value>0x202001bc</value>
         <object_component_ref idref="oc-1c5"/>
      </symbol>
      <symbol id="sm-2bd">
         <name>exit</name>
         <value>0x1b3c5</value>
         <object_component_ref idref="oc-12d"/>
      </symbol>
      <symbol id="sm-2c6">
         <name>_nop</name>
         <value>0x1b63f</value>
         <object_component_ref idref="oc-207"/>
      </symbol>
      <symbol id="sm-2c7">
         <name>_lock</name>
         <value>0x202001e0</value>
         <object_component_ref idref="oc-1c3"/>
      </symbol>
      <symbol id="sm-2c8">
         <name>_unlock</name>
         <value>0x202001e4</value>
         <object_component_ref idref="oc-1c6"/>
      </symbol>
      <symbol id="sm-2ce">
         <name>_ftable</name>
         <value>0x20200000</value>
         <object_component_ref idref="oc-16a"/>
      </symbol>
      <symbol id="sm-2cf">
         <name>__TI_ft_end</name>
         <value>0x202001dc</value>
         <object_component_ref idref="oc-234"/>
      </symbol>
      <symbol id="sm-2d0">
         <name>__TI_tmpnams</name>
         <value>0x20200568</value>
         <object_component_ref idref="oc-247"/>
      </symbol>
      <symbol id="sm-2f3">
         <name>malloc</name>
         <value>0x1b781</value>
         <object_component_ref idref="oc-1f4"/>
      </symbol>
      <symbol id="sm-2f4">
         <name>aligned_alloc</name>
         <value>0x18f79</value>
         <object_component_ref idref="oc-24d"/>
      </symbol>
      <symbol id="sm-2f5">
         <name>free</name>
         <value>0x198c9</value>
         <object_component_ref idref="oc-1f2"/>
      </symbol>
      <symbol id="sm-2f6">
         <name>_sys_memory</name>
         <value>0x20200248</value>
         <object_component_ref idref="oc-2f"/>
      </symbol>
      <symbol id="sm-2f7">
         <name>memalign</name>
         <value>0x18f79</value>
         <object_component_ref idref="oc-24d"/>
      </symbol>
      <symbol id="sm-302">
         <name>__TI_zero_init_nomemset</name>
         <value>0x1b6a1</value>
         <object_component_ref idref="oc-58"/>
      </symbol>
      <symbol id="sm-30b">
         <name>__TI_decompress_none</name>
         <value>0x1b6f1</value>
         <object_component_ref idref="oc-20"/>
      </symbol>
      <symbol id="sm-316">
         <name>__TI_decompress_lzss</name>
         <value>0x1a6d9</value>
         <object_component_ref idref="oc-1c"/>
      </symbol>
      <symbol id="sm-321">
         <name>_c_int00_noargs</name>
         <value>0x1b5ad</value>
         <object_component_ref idref="oc-61"/>
      </symbol>
      <symbol id="sm-322">
         <name>__stack</name>
         <value>0x20207e00</value>
         <object_component_ref idref="oc-1a"/>
      </symbol>
      <symbol id="sm-32f">
         <name>__TI_closefile</name>
         <value>0x1a56d</value>
         <object_component_ref idref="oc-1ec"/>
      </symbol>
      <symbol id="sm-339">
         <name>__TI_doflush</name>
         <value>0x1ac45</value>
         <object_component_ref idref="oc-239"/>
      </symbol>
      <symbol id="sm-347">
         <name>__TI_auto_init_nobinit_nopinit</name>
         <value>0x1b141</value>
         <object_component_ref idref="oc-12f"/>
      </symbol>
      <symbol id="sm-34f">
         <name>_system_pre_init</name>
         <value>0x1b7d1</value>
         <object_component_ref idref="oc-ba"/>
      </symbol>
      <symbol id="sm-362">
         <name>write</name>
         <value>0x1b585</value>
         <object_component_ref idref="oc-278"/>
      </symbol>
      <symbol id="sm-367">
         <name>_device</name>
         <value>0x202000f0</value>
         <object_component_ref idref="oc-1e3"/>
      </symbol>
      <symbol id="sm-368">
         <name>_stream</name>
         <value>0x20200168</value>
         <object_component_ref idref="oc-274"/>
      </symbol>
      <symbol id="sm-371">
         <name>remove</name>
         <value>0x1b7bd</value>
         <object_component_ref idref="oc-243"/>
      </symbol>
      <symbol id="sm-37d">
         <name>open</name>
         <value>0x19f39</value>
         <object_component_ref idref="oc-235"/>
      </symbol>
      <symbol id="sm-388">
         <name>close</name>
         <value>0x1ac99</value>
         <object_component_ref idref="oc-23f"/>
      </symbol>
      <symbol id="sm-394">
         <name>add_device</name>
         <value>0x197dd</value>
         <object_component_ref idref="oc-151"/>
      </symbol>
      <symbol id="sm-39e">
         <name>unlink</name>
         <value>0x1b4b9</value>
         <object_component_ref idref="oc-281"/>
      </symbol>
      <symbol id="sm-3a8">
         <name>HOSTclose</name>
         <value>0x1adcd</value>
         <object_component_ref idref="oc-217"/>
      </symbol>
      <symbol id="sm-3b2">
         <name>HOSTlseek</name>
         <value>0x1a7c1</value>
         <object_component_ref idref="oc-223"/>
      </symbol>
      <symbol id="sm-3bc">
         <name>HOSTopen</name>
         <value>0x1aa2d</value>
         <object_component_ref idref="oc-213"/>
      </symbol>
      <symbol id="sm-3bd">
         <name>parmbuf</name>
         <value>0x20200608</value>
         <object_component_ref idref="oc-25b"/>
      </symbol>
      <symbol id="sm-3c7">
         <name>HOSTread</name>
         <value>0x1aa8d</value>
         <object_component_ref idref="oc-21b"/>
      </symbol>
      <symbol id="sm-3d8">
         <name>HOSTrename</name>
         <value>0x1a82d</value>
         <object_component_ref idref="oc-22b"/>
      </symbol>
      <symbol id="sm-3e2">
         <name>HOSTunlink</name>
         <value>0x1ae15</value>
         <object_component_ref idref="oc-227"/>
      </symbol>
      <symbol id="sm-3ec">
         <name>HOSTwrite</name>
         <value>0x1aae5</value>
         <object_component_ref idref="oc-21f"/>
      </symbol>
      <symbol id="sm-3fa">
         <name>C$$IO$$</name>
         <value>0x1b3bd</value>
         <object_component_ref idref="oc-254"/>
      </symbol>
      <symbol id="sm-3fb">
         <name>__TI_writemsg</name>
         <value>0x1b391</value>
         <object_component_ref idref="oc-254"/>
      </symbol>
      <symbol id="sm-3fc">
         <name>__CIOBUF_</name>
         <value>0x20200448</value>
         <object_component_ref idref="oc-28c"/>
      </symbol>
      <symbol id="sm-3fd">
         <name>__TI_readmsg</name>
         <value>0x1b35d</value>
         <object_component_ref idref="oc-25a"/>
      </symbol>
      <symbol id="sm-3fe">
         <name>_CIOBUF_</name>
         <value>0x20200448</value>
         <object_component_ref idref="oc-28c"/>
      </symbol>
      <symbol id="sm-404">
         <name>__aeabi_memcpy</name>
         <value>0x1b7b5</value>
         <object_component_ref idref="oc-51"/>
      </symbol>
      <symbol id="sm-405">
         <name>__aeabi_memcpy4</name>
         <value>0x1b7b5</value>
         <object_component_ref idref="oc-51"/>
      </symbol>
      <symbol id="sm-406">
         <name>__aeabi_memcpy8</name>
         <value>0x1b7b5</value>
         <object_component_ref idref="oc-51"/>
      </symbol>
      <symbol id="sm-40d">
         <name>__aeabi_memclr</name>
         <value>0x1b775</value>
         <object_component_ref idref="oc-b5"/>
      </symbol>
      <symbol id="sm-40e">
         <name>__aeabi_memclr4</name>
         <value>0x1b775</value>
         <object_component_ref idref="oc-b5"/>
      </symbol>
      <symbol id="sm-40f">
         <name>__aeabi_memclr8</name>
         <value>0x1b775</value>
         <object_component_ref idref="oc-b5"/>
      </symbol>
      <symbol id="sm-415">
         <name>__aeabi_uidiv</name>
         <value>0x1b081</value>
         <object_component_ref idref="oc-178"/>
      </symbol>
      <symbol id="sm-416">
         <name>__aeabi_uidivmod</name>
         <value>0x1b081</value>
         <object_component_ref idref="oc-178"/>
      </symbol>
      <symbol id="sm-421">
         <name>__aeabi_idiv0</name>
         <value>0x1b5fb</value>
         <object_component_ref idref="oc-1fc"/>
      </symbol>
      <symbol id="sm-42f">
         <name>finddevice</name>
         <value>0x1b1ed</value>
         <object_component_ref idref="oc-1dc"/>
      </symbol>
      <symbol id="sm-430">
         <name>getdevice</name>
         <value>0x1a899</value>
         <object_component_ref idref="oc-272"/>
      </symbol>
      <symbol id="sm-439">
         <name>TI_memcpy_small</name>
         <value>0x1b6df</value>
         <object_component_ref idref="oc-db"/>
      </symbol>
      <symbol id="sm-442">
         <name>TI_memset_small</name>
         <value>0x1b74f</value>
         <object_component_ref idref="oc-142"/>
      </symbol>
      <symbol id="sm-443">
         <name>__TI_static_base__</name>
         <value>0x0</value>
      </symbol>
      <symbol id="sm-446">
         <name>__mpu_init</name>
         <value>0x0</value>
      </symbol>
      <symbol id="sm-447">
         <name>_system_post_cinit</name>
         <value>0x0</value>
      </symbol>
   </symbol_table>
   <title>Link successful</title>
</link_info>
